#-----------------------------------------------------------
# Webtalk v2019.1 (64-bit)
# SW Build 2552052 on Fri May 24 14:47:09 MDT 2019
# IP Build 2548770 on Fri May 24 18:01:18 MDT 2019
# Start of session at: Wed Nov  6 11:35:19 2019
# Process ID: 22871
# Current directory: /run/media/moinocencio/Data/Tese/Master-Thesis/DevelopedWork/HardwareImplementation/DCTAV1/DCTAV1.sim/sim_1/behav/xsim
# Command line: wbtcv -mode batch -source /run/media/moinocencio/Data/Tese/Master-Thesis/DevelopedWork/HardwareImplementation/DCTAV1/DCTAV1.sim/sim_1/behav/xsim/xsim.dir/DCT432_TB_behav/webtalk/xsim_webtalk.tcl -notrace
# Log file: /run/media/moinocencio/Data/Tese/Master-Thesis/DevelopedWork/HardwareImplementation/DCTAV1/DCTAV1.sim/sim_1/behav/xsim/webtalk.log
# Journal file: /run/media/moinocencio/Data/Tese/Master-Thesis/DevelopedWork/HardwareImplementation/DCTAV1/DCTAV1.sim/sim_1/behav/xsim/webtalk.jou
#-----------------------------------------------------------
source /run/media/moinocencio/Data/Tese/Master-Thesis/DevelopedWork/HardwareImplementation/DCTAV1/DCTAV1.sim/sim_1/behav/xsim/xsim.dir/DCT432_TB_behav/webtalk/xsim_webtalk.tcl -notrace
